\BOOKMARK [1][-]{section.1}{\376\377\173\200\116\313}{}% 1
\BOOKMARK [2][-]{subsection.1.1}{\376\377\230\171\166\356\200\314\146\157\116\016\133\236\232\214\211\201\154\102}{section.1}% 2
\BOOKMARK [2][-]{subsection.1.2}{\376\377\174\373\176\337\145\164\117\123\213\276\213\241}{section.1}% 3
\BOOKMARK [2][-]{subsection.1.3}{\376\377\230\171\166\356\122\006\135\345\116\016\123\117\117\134\152\041\137\017}{section.1}% 4
\BOOKMARK [2][-]{subsection.1.4}{\376\377\135\345\121\167\224\376}{section.1}% 5
\BOOKMARK [1][-]{section.2}{\376\377\145\164\117\123\150\106\147\266}{}% 6
\BOOKMARK [1][-]{section.3}{\376\377\217\157\116\366\213\276\213\241}{}% 7
\BOOKMARK [2][-]{subsection.3.1}{\376\377\217\157\116\366\165\114\227\142\134\125\171\072}{section.3}% 8
\BOOKMARK [2][-]{subsection.3.2}{\376\377\146\156\220\032\152\041\137\017\124\214\226\217\147\072\152\041\137\017\155\101\172\013}{section.3}% 9
\BOOKMARK [3][-]{subsubsection.3.2.1}{\376\377\146\156\220\032\152\041\137\017\000\040\000\050\000N\000o\000r\000m\000a\000l\000\040\000M\000o\000d\000e\000\051}{subsection.3.2}% 10
\BOOKMARK [3][-]{subsubsection.3.2.2}{\376\377\226\217\147\072\152\041\137\017\000\040\000\050\000R\000a\000n\000d\000o\000m\000\040\000M\000o\000d\000e\000\051}{subsection.3.2}% 11
\BOOKMARK [2][-]{subsection.3.3}{\376\377\217\223\121\145\214\061\227\142\150\074\137\017}{section.3}% 12
\BOOKMARK [2][-]{subsection.3.4}{\376\377\214\061\227\142\137\025\144\316\152\041\127\127\000\050\000C\000h\000a\000r\000t\000\040\000E\000n\000g\000i\000n\000e\000\051}{section.3}% 13
\BOOKMARK [3][-]{subsubsection.3.4.1}{\376\377\214\061\227\142\150\041\232\214\121\375\145\160\000\040\000\050\000c\000h\000a\000r\000t\000\137\000c\000h\000e\000c\000k\000\051}{subsection.3.4}% 14
\BOOKMARK [3][-]{subsubsection.3.4.2}{\376\377\226\217\147\072\214\061\227\142\165\037\142\020\121\375\145\160\000\040\000\050\000g\000e\000n\000e\000r\000a\000t\000e\000\137\000r\000a\000n\000d\000o\000m\000\137\000c\000h\000a\000r\000t\000\051}{subsection.3.4}% 15
\BOOKMARK [3][-]{subsubsection.3.4.3}{\376\377\000R\000O\000M\000\040\165\037\142\020\121\375\145\160\000\040\000\050\000p\000r\000o\000c\000e\000s\000s\000\137\000c\000h\000a\000r\000t\000\051}{subsection.3.4}% 16
\BOOKMARK [2][-]{subsection.3.5}{\376\377\214\061\227\142\123\357\211\306\123\026\122\006\147\220\152\041\127\127\000\040\000\050\000C\000h\000a\000r\000t\000\040\000A\000n\000a\000l\000y\000s\000i\000s\000\051}{section.3}% 17
\BOOKMARK [3][-]{subsubsection.3.5.1}{\376\377\174\373\176\337\147\266\147\204\213\276\213\241}{subsection.3.5}% 18
\BOOKMARK [3][-]{subsubsection.3.5.2}{\376\377\150\070\137\303\133\236\163\260\155\101\172\013}{subsection.3.5}% 19
\BOOKMARK [3][-]{subsubsection.3.5.3}{\376\377\142\200\147\057\133\236\163\260\176\306\202\202}{subsection.3.5}% 20
\BOOKMARK [3][-]{subsubsection.3.5.4}{\376\377\117\177\165\050\145\271\137\017\116\016\122\115\172\357\226\306\142\020}{subsection.3.5}% 21
\BOOKMARK [3][-]{subsubsection.3.5.5}{\376\377\122\237\200\375\140\073\176\323\116\016\142\151\134\125\145\271\124\021}{subsection.3.5}% 22
\BOOKMARK [2][-]{subsection.3.6}{\376\377\227\363\116\120\144\255\145\076\152\041\127\127\000\050\000M\000u\000s\000i\000c\000\040\000S\000y\000n\000c\000\051}{section.3}% 23
\BOOKMARK [3][-]{subsubsection.3.6.1}{\376\377\166\321\124\054\225\056\166\330\123\312\227\363\116\120\144\255\145\076}{subsection.3.6}% 24
\BOOKMARK [3][-]{subsubsection.3.6.2}{\376\377\217\157\170\154\116\366\123\117\124\014\145\271\150\110\143\242\175\042}{subsection.3.6}% 25
\BOOKMARK [1][-]{section.4}{\376\377\170\154\116\366\213\276\213\241}{}% 26
\BOOKMARK [2][-]{subsection.4.1}{\376\377\230\166\134\102\152\041\127\127}{section.4}% 27
\BOOKMARK [2][-]{subsection.4.2}{\376\377\122\006\136\003\137\017\147\266\147\204\213\276\213\241}{section.4}% 28
\BOOKMARK [2][-]{subsection.4.3}{\376\377\123\357\214\003\202\202\145\366\224\237\122\006\230\221\126\150}{section.4}% 29
\BOOKMARK [2][-]{subsection.4.4}{\376\377\143\011\225\056\155\210\142\226}{section.4}% 30
\BOOKMARK [2][-]{subsection.4.5}{\376\377\226\217\147\072\145\160\165\037\142\020}{section.4}% 31
\BOOKMARK [2][-]{subsection.4.6}{\376\377\000T\000e\000x\000t\000L\000C\000D\000\040\146\076\171\072\174\373\176\337}{section.4}% 32
\BOOKMARK [3][-]{subsubsection.4.6.1}{\376\377\226\037\122\027\213\276\213\241}{subsection.4.6}% 33
\BOOKMARK [3][-]{subsubsection.4.6.2}{\376\377\000L\000C\000D\000\040\143\247\122\066\220\073\217\221}{subsection.4.6}% 34
\BOOKMARK [3][-]{subsubsection.4.6.3}{\376\377\123\314\230\221\163\207\213\276\213\241}{subsection.4.6}% 35
\BOOKMARK [2][-]{subsection.4.7}{\376\377\116\003\153\265\145\160\170\001\173\241\146\076\171\072}{section.4}% 36
\BOOKMARK [2][-]{subsection.4.8}{\376\377\122\044\133\232\220\073\217\221}{section.4}% 37
\BOOKMARK [3][-]{subsubsection.4.8.1}{\376\377\170\154\116\366\122\044\133\232\150\007\121\306}{subsection.4.8}% 38
\BOOKMARK [3][-]{subsubsection.4.8.2}{\376\377\122\044\133\232\117\341\123\367\225\001\133\232\000\040\000\050\000S\000i\000g\000n\000a\000l\000\040\000J\000u\000d\000g\000e\000d\000\051}{subsection.4.8}% 39
\BOOKMARK [3][-]{subsubsection.4.8.3}{\376\377\147\011\226\120\162\266\140\001\147\072\213\276\213\241}{subsection.4.8}% 40
\BOOKMARK [3][-]{subsubsection.4.8.4}{\376\377\000V\000i\000v\000a\000d\000o\000\040\210\114\116\072\176\247\116\377\167\037}{subsection.4.8}% 41
\BOOKMARK [2][-]{subsection.4.9}{\376\377\122\006\145\160\175\057\122\240}{section.4}% 42
\BOOKMARK [3][-]{subsubsection.4.9.1}{\376\377\150\070\137\303\220\073\217\221\116\016\134\102\153\041\123\026\147\204\136\372}{subsection.4.9}% 43
\BOOKMARK [3][-]{subsubsection.4.9.2}{\376\377\230\204\122\240\154\325\117\030\123\026}{subsection.4.9}% 44
\BOOKMARK [1][-]{section.5}{\376\377\213\250\213\272}{}% 45
\BOOKMARK [2][-]{subsection.5.1}{\376\377\213\276\213\241\142\200\135\347}{section.5}% 46
\BOOKMARK [2][-]{subsection.5.2}{\376\377\117\341\123\367\172\177\220\017}{section.5}% 47
\BOOKMARK [2][-]{subsection.5.3}{\376\377\217\157\170\154\116\366\116\015\116\000\201\364\140\047}{section.5}% 48
\BOOKMARK [2][-]{subsection.5.4}{\376\377\000Q\000u\000a\000r\000t\000u\000s\000\040\214\003\213\325}{section.5}% 49
\BOOKMARK [1][-]{section.6}{\376\377\140\073\176\323}{}% 50
\BOOKMARK [1][-]{section.7}{\376\377\147\052\147\145\134\125\147\033}{}% 51
